// Jest Snapshot v1, https://goo.gl/fbAQLP

exports[`renders homepage unchanged 1`] = `
.emotion-0 {
  border: 1px solid black;
}

<div
  className="emotion-0"
>
  Home
</div>
`;
